// Jest Snapshot v1, https://goo.gl/fbAQLP

exports[`<Card /> should render 1`] = `
<div
  className="mdc-card"
>
  <CardTitle
    larger={false}
    subtitle=""
    title="title"
  />
</div>
`;
