exports[`<IconToggle /> should be able to render 1`] = `
<i
  aria-disabled={false}
  className="mdc-icon-toggle material-icons"
  onClick={[Function]}
  onKeyDown={[Function]}
  onKeyUp={[Function]}
  role="button"
  tabIndex="0">
  favorite_border
</i>
`;
