// Jest Snapshot v1, https://goo.gl/fbAQLP

exports[`<Dialog /> should render 1`] = `
<aside
  aria-describedby="my-mdc-dialog-description"
  aria-labelledby="my-mdc-dialog-label"
  className="mdc-dialog"
  id="my-mdc-dialog"
  role="alertdialog"
  style={
    Object {
      "visibility": "hidden",
    }
  }
>
  <div
    className="mdc-dialog__surface"
  >
    <header
      className="mdc-dialog__header"
    >
      <h2
        className="mdc-dialog__header__title"
        id="my-mdc-dialog-label"
      >
        Use Googles location service?
      </h2>
    </header>
    <section
      className="mdc-dialog__body mdc-dialog__body--scrollable"
      id="my-mdc-dialog-description"
    >
      Let Google help apps determine location. This means sending anonymous location data to Google, even when no apps are running.
    </section>
    <footer
      className="mdc-dialog__footer"
    >
      <button
        className="mdc-button mdc-dialog__footer__button mdc-dialog__footer__button--cancel"
        type="button"
      >
        Decline
      </button>
      <button
        className="mdc-button mdc-dialog__footer__button mdc-dialog__footer__button--accept"
        type="button"
      >
        Accept
      </button>
    </footer>
  </div>
  <div
    className="mdc-dialog__backdrop"
  />
</aside>
`;
