// Jest Snapshot v1, https://goo.gl/fbAQLP

exports[`<DrawerSpacer /> should render 1`] = `
<div
  className="mdc-temporary-drawer__toolbar-spacer"
/>
`;
