// Jest Snapshot v1, https://goo.gl/fbAQLP

exports[`<DrawerContent /> should render 1`] = `
<nav
  className="mdc-temporary-drawer__content"
  id="icon-with-text-demo"
>
  Text
</nav>
`;
